Watching for file changes with StatReloader
Unauthorized: /api/auth/me
[14/Sep/2026 14:23:07] "GET /api/auth/me HTTP/1.1" 401 36
[14/Sep/2026 14:23:14] "POST /api/auth/login HTTP/1.1" 200 73
[14/Sep/2026 14:23:14] "GET /api/sessions?status=active HTTP/1.1" 200 1260
[14/Sep/2026 14:23:14] "GET /api/products HTTP/1.1" 200 264
[14/Sep/2026 14:23:14] "GET /api/dashboard HTTP/1.1" 200 3518
[14/Sep/2026 14:23:18] "GET /api/products HTTP/1.1" 200 264
[14/Sep/2026 14:23:18] "GET /api/sessions?status=active HTTP/1.1" 200 1260
[14/Sep/2026 14:23:18] "GET /api/dashboard HTTP/1.1" 200 3518
[14/Sep/2026 14:23:19] "GET /api/sessions?status=active HTTP/1.1" 200 1260
[14/Sep/2026 14:23:19] "GET /api/dashboard HTTP/1.1" 200 3518
[14/Sep/2026 14:23:19] "GET /api/products HTTP/1.1" 200 264
[14/Sep/2026 14:23:24] "GET /api/products HTTP/1.1" 200 264
[14/Sep/2026 14:23:24] "GET /api/sessions?status=active HTTP/1.1" 200 1260
[14/Sep/2026 14:23:24] "GET /api/dashboard HTTP/1.1" 200 3518
[14/Sep/2026 14:23:28] "POST /api/auth/logout HTTP/1.1" 204 0
[14/Sep/2026 14:23:51] "POST /api/auth/login HTTP/1.1" 200 67
[14/Sep/2026 14:23:52] "GET /api/sessions?status=active HTTP/1.1" 200 1260
[14/Sep/2026 14:23:52] "GET /api/products HTTP/1.1" 200 264
[14/Sep/2026 14:23:52] "GET /api/dashboard HTTP/1.1" 200 3518
[14/Sep/2026 14:23:55] "GET /api/products HTTP/1.1" 200 264
[14/Sep/2026 14:23:55] "GET /api/sessions?status=active HTTP/1.1" 200 1260
[14/Sep/2026 14:23:55] "GET /api/dashboard HTTP/1.1" 200 3518
[14/Sep/2026 14:23:56] "GET /api/products HTTP/1.1" 200 264
[14/Sep/2026 14:23:56] "GET /api/sessions?status=active HTTP/1.1" 200 1260
[14/Sep/2026 14:23:56] "GET /api/dashboard HTTP/1.1" 200 3518
[14/Sep/2026 14:23:59] "GET /api/products HTTP/1.1" 200 264
[14/Sep/2026 14:23:59] "GET /api/sessions?status=active HTTP/1.1" 200 1260
[14/Sep/2026 14:23:59] "GET /api/dashboard HTTP/1.1" 200 3518
[14/Sep/2026 14:24:01] "GET /api/products HTTP/1.1" 200 264
[14/Sep/2026 14:24:01] "GET /api/sessions?status=active HTTP/1.1" 200 1260
[14/Sep/2026 14:24:01] "GET /api/dashboard HTTP/1.1" 200 3518
[14/Sep/2026 14:24:06] "GET /api/sessions?status=active HTTP/1.1" 200 1260
[14/Sep/2026 14:24:06] "GET /api/products HTTP/1.1" 200 264
[14/Sep/2026 14:24:06] "GET /api/dashboard HTTP/1.1" 200 3518
[14/Sep/2026 14:24:09] "GET /api/products HTTP/1.1" 200 264
[14/Sep/2026 14:24:09] "GET /api/resources HTTP/1.1" 200 1898
[14/Sep/2026 14:24:09] "GET /api/sessions?status=active HTTP/1.1" 200 1260
[14/Sep/2026 14:24:11] "GET /api/products HTTP/1.1" 200 264
[14/Sep/2026 14:24:11] "GET /api/sessions?status=active HTTP/1.1" 200 1260
[14/Sep/2026 14:24:11] "GET /api/resources HTTP/1.1" 200 1898
[14/Sep/2026 14:24:16] "GET /api/products HTTP/1.1" 200 264
[14/Sep/2026 14:24:16] "GET /api/sessions?status=active HTTP/1.1" 200 1260
[14/Sep/2026 14:24:16] "GET /api/resources HTTP/1.1" 200 1898
[14/Sep/2026 14:24:21] "GET /api/products HTTP/1.1" 200 264
[14/Sep/2026 14:24:21] "GET /api/sessions?status=active HTTP/1.1" 200 1260
[14/Sep/2026 14:24:21] "GET /api/resources HTTP/1.1" 200 1898
[14/Sep/2026 14:24:26] "GET /api/products HTTP/1.1" 200 264
[14/Sep/2026 14:24:26] "GET /api/resources HTTP/1.1" 200 1898
[14/Sep/2026 14:24:26] "GET /api/sessions?status=active HTTP/1.1" 200 1260
[14/Sep/2026 14:24:31] "GET /api/products HTTP/1.1" 200 264
[14/Sep/2026 14:24:31] "GET /api/sessions?status=active HTTP/1.1" 200 1260
[14/Sep/2026 14:24:31] "GET /api/resources HTTP/1.1" 200 1898
[14/Sep/2026 14:24:36] "GET /api/sessions?status=active HTTP/1.1" 200 1260
[14/Sep/2026 14:24:36] "GET /api/products HTTP/1.1" 200 264
[14/Sep/2026 14:24:36] "GET /api/resources HTTP/1.1" 200 1898
[14/Sep/2026 14:24:39] "GET /api/products HTTP/1.1" 200 264
[14/Sep/2026 14:24:39] "GET /api/sessions?status=active HTTP/1.1" 200 1260
[14/Sep/2026 14:24:39] "GET /api/resources HTTP/1.1" 200 1898
[14/Sep/2026 14:24:41] "GET /api/sessions?status=active HTTP/1.1" 200 1260
[14/Sep/2026 14:24:41] "GET /api/resources HTTP/1.1" 200 1898
[14/Sep/2026 14:24:41] "GET /api/products HTTP/1.1" 200 264
[14/Sep/2026 14:24:43] "GET /api/products HTTP/1.1" 200 264
[14/Sep/2026 14:24:43] "GET /api/sessions?status=active HTTP/1.1" 200 1260
[14/Sep/2026 14:24:44] "GET /api/resources HTTP/1.1" 200 1898
[14/Sep/2026 14:26:31] "GET /api/resources HTTP/1.1" 200 1898
[14/Sep/2026 14:26:31] "GET /api/products HTTP/1.1" 200 264
[14/Sep/2026 14:26:31] "GET /api/auth/me HTTP/1.1" 200 67
[14/Sep/2026 14:26:31] "GET /api/sessions?status=active HTTP/1.1" 200 1260
[14/Sep/2026 14:29:14] "GET /api/sessions?status=active HTTP/1.1" 200 1260
[14/Sep/2026 14:29:19] "GET /api/sessions?status=active HTTP/1.1" 200 1260
[14/Sep/2026 14:29:23] "PATCH /api/sessions/28/cafeteria-items HTTP/1.1" 200 1027
[14/Sep/2026 14:29:24] "GET /api/sessions?status=active HTTP/1.1" 200 1659
[14/Sep/2026 14:29:29] "GET /api/sessions?status=active HTTP/1.1" 200 1659
[14/Sep/2026 14:29:34] "GET /api/sessions?status=active HTTP/1.1" 200 1659
[14/Sep/2026 14:29:36] "GET /api/products HTTP/1.1" 200 264
[14/Sep/2026 14:29:36] "GET /api/orders HTTP/1.1" 200 9693
[14/Sep/2026 14:29:39] "GET /api/sessions?status=active HTTP/1.1" 200 1659
[14/Sep/2026 14:29:41] "GET /api/products HTTP/1.1" 200 264
[14/Sep/2026 14:29:41] "GET /api/orders HTTP/1.1" 200 9693
[14/Sep/2026 14:29:44] "GET /api/sessions?status=active HTTP/1.1" 200 1659
[14/Sep/2026 14:29:44] "GET /api/dashboard HTTP/1.1" 200 3518
[14/Sep/2026 14:29:46] "GET /api/dashboard HTTP/1.1" 200 3518
[14/Sep/2026 14:29:49] "GET /api/sessions?status=active HTTP/1.1" 200 1659
[14/Sep/2026 14:29:51] "GET /api/dashboard HTTP/1.1" 200 3518
[14/Sep/2026 14:29:54] "GET /api/sessions?status=active HTTP/1.1" 200 1659
[14/Sep/2026 14:29:56] "GET /api/products HTTP/1.1" 200 264
[14/Sep/2026 14:29:56] "GET /api/resources HTTP/1.1" 200 1898
[14/Sep/2026 14:29:56] "GET /api/sessions?status=active HTTP/1.1" 200 1659
[14/Sep/2026 14:29:56] "GET /api/resources HTTP/1.1" 200 1898
[14/Sep/2026 14:29:56] "GET /api/products HTTP/1.1" 200 264
[14/Sep/2026 14:29:56] "GET /api/sessions?status=active HTTP/1.1" 200 1659
[14/Sep/2026 14:29:59] "GET /api/sessions?status=active HTTP/1.1" 200 1659
[14/Sep/2026 14:30:01] "GET /api/products HTTP/1.1" 200 264
[14/Sep/2026 14:30:01] "GET /api/resources HTTP/1.1" 200 1898
[14/Sep/2026 14:30:01] "GET /api/sessions?status=active HTTP/1.1" 200 1659
[14/Sep/2026 14:30:04] "GET /api/sessions?status=active HTTP/1.1" 200 1659
[14/Sep/2026 14:30:06] "GET /api/products HTTP/1.1" 200 264
[14/Sep/2026 14:30:06] "GET /api/sessions?status=active HTTP/1.1" 200 1659
[14/Sep/2026 14:30:06] "GET /api/resources HTTP/1.1" 200 1898
[14/Sep/2026 14:30:09] "GET /api/sessions?status=active HTTP/1.1" 200 1659
[14/Sep/2026 14:30:11] "GET /api/products HTTP/1.1" 200 264
[14/Sep/2026 14:30:11] "GET /api/resources HTTP/1.1" 200 1898
[14/Sep/2026 14:30:11] "GET /api/sessions?status=active HTTP/1.1" 200 1659
[14/Sep/2026 14:30:14] "GET /api/sessions?status=active HTTP/1.1" 200 1659
[14/Sep/2026 14:30:16] "GET /api/products HTTP/1.1" 200 264
[14/Sep/2026 14:30:16] "GET /api/resources HTTP/1.1" 200 1898
[14/Sep/2026 14:30:16] "GET /api/sessions?status=active HTTP/1.1" 200 1659
[14/Sep/2026 14:30:19] "GET /api/sessions?status=active HTTP/1.1" 200 1659
[14/Sep/2026 14:30:21] "GET /api/products HTTP/1.1" 200 264
[14/Sep/2026 14:30:21] "GET /api/resources HTTP/1.1" 200 1898
[14/Sep/2026 14:30:21] "GET /api/sessions?status=active HTTP/1.1" 200 1659
[14/Sep/2026 14:30:24] "GET /api/sessions?status=active HTTP/1.1" 200 1659
[14/Sep/2026 14:30:26] "GET /api/products HTTP/1.1" 200 264
[14/Sep/2026 14:30:26] "GET /api/resources HTTP/1.1" 200 1898
[14/Sep/2026 14:30:26] "GET /api/sessions?status=active HTTP/1.1" 200 1659
[14/Sep/2026 14:30:29] "GET /api/sessions?status=active HTTP/1.1" 200 1659
[14/Sep/2026 14:30:31] "GET /api/resources HTTP/1.1" 200 1898
[14/Sep/2026 14:30:31] "GET /api/products HTTP/1.1" 200 264
[14/Sep/2026 14:30:31] "GET /api/sessions?status=active HTTP/1.1" 200 1659
[14/Sep/2026 14:30:34] "GET /api/sessions?status=active HTTP/1.1" 200 1659
[14/Sep/2026 14:30:36] "GET /api/products HTTP/1.1" 200 264
[14/Sep/2026 14:30:36] "GET /api/resources HTTP/1.1" 200 1898
[14/Sep/2026 14:30:36] "GET /api/sessions?status=active HTTP/1.1" 200 1659
[14/Sep/2026 14:30:39] "GET /api/sessions?status=active HTTP/1.1" 200 1659
[14/Sep/2026 14:30:41] "GET /api/products HTTP/1.1" 200 264
[14/Sep/2026 14:30:41] "GET /api/sessions?status=active HTTP/1.1" 200 1659
[14/Sep/2026 14:30:41] "GET /api/resources HTTP/1.1" 200 1898
[14/Sep/2026 14:30:44] "GET /api/sessions?status=active HTTP/1.1" 200 1659
[14/Sep/2026 14:30:46] "GET /api/products HTTP/1.1" 200 264
[14/Sep/2026 14:30:46] "GET /api/resources HTTP/1.1" 200 1898
[14/Sep/2026 14:30:46] "GET /api/sessions?status=active HTTP/1.1" 200 1659
[14/Sep/2026 14:30:49] "GET /api/sessions?status=active HTTP/1.1" 200 1659
[14/Sep/2026 14:30:51] "GET /api/products HTTP/1.1" 200 264
[14/Sep/2026 14:30:51] "GET /api/resources HTTP/1.1" 200 1898
[14/Sep/2026 14:30:51] "GET /api/sessions?status=active HTTP/1.1" 200 1659
[14/Sep/2026 14:30:52] "PATCH /api/sessions/28 HTTP/1.1" 200 1060
[14/Sep/2026 14:30:52] "GET /api/sessions?status=active HTTP/1.1" 200 630
[14/Sep/2026 14:30:52] "GET /api/resources HTTP/1.1" 200 1873
[14/Sep/2026 14:30:54] "GET /api/sessions?status=active HTTP/1.1" 200 630
[14/Sep/2026 14:30:56] "GET /api/sessions?status=active HTTP/1.1" 200 630
[14/Sep/2026 14:30:56] "GET /api/resources HTTP/1.1" 200 1873
[14/Sep/2026 14:30:56] "GET /api/products HTTP/1.1" 200 264
[14/Sep/2026 14:30:58] "POST /api/auth/logout HTTP/1.1" 204 0
[14/Sep/2026 14:31:03] "POST /api/auth/login HTTP/1.1" 200 73
[14/Sep/2026 14:31:03] "GET /api/products HTTP/1.1" 200 264
[14/Sep/2026 14:31:03] "GET /api/resources HTTP/1.1" 200 1873
[14/Sep/2026 14:31:03] "GET /api/sessions?status=active HTTP/1.1" 200 630
[14/Sep/2026 14:31:06] "GET /api/resources HTTP/1.1" 200 1873
[14/Sep/2026 14:31:06] "GET /api/products HTTP/1.1" 200 264
[14/Sep/2026 14:31:06] "GET /api/sessions?status=active HTTP/1.1" 200 630
[14/Sep/2026 14:31:07] "GET /api/reports/audit HTTP/1.1" 200 3350
[14/Sep/2026 14:31:07] "GET /api/reports/profit?from=2026-09-14&to=2026-09-14 HTTP/1.1" 200 303
[14/Sep/2026 14:31:08] "GET /api/products HTTP/1.1" 200 264
[14/Sep/2026 14:31:08] "GET /api/reports/profit?from=2026-09-14&to=2026-09-14 HTTP/1.1" 200 303
[14/Sep/2026 14:31:08] "GET /api/sessions?status=active HTTP/1.1" 200 630
[14/Sep/2026 14:31:12] "GET /api/orders HTTP/1.1" 200 9694
[14/Sep/2026 14:31:12] "GET /api/sessions?status=completed HTTP/1.1" 200 27170
[14/Sep/2026 14:31:13] "GET /api/products HTTP/1.1" 200 264
[14/Sep/2026 14:31:13] "GET /api/sessions?status=active HTTP/1.1" 200 630
[14/Sep/2026 14:31:13] "GET /api/orders HTTP/1.1" 200 9694
[14/Sep/2026 14:31:13] "GET /api/sessions?status=completed HTTP/1.1" 200 27170
[14/Sep/2026 14:31:18] "GET /api/sessions?status=active HTTP/1.1" 200 630
[14/Sep/2026 14:31:18] "GET /api/products HTTP/1.1" 200 264
[14/Sep/2026 14:31:18] "GET /api/orders HTTP/1.1" 200 9694
[14/Sep/2026 14:31:18] "GET /api/sessions?status=completed HTTP/1.1" 200 27170
[14/Sep/2026 14:31:23] "GET /api/products HTTP/1.1" 200 264
[14/Sep/2026 14:31:23] "GET /api/sessions?status=active HTTP/1.1" 200 630
[14/Sep/2026 14:31:23] "GET /api/orders HTTP/1.1" 200 9694
[14/Sep/2026 14:31:23] "GET /api/sessions?status=completed HTTP/1.1" 200 27170
[14/Sep/2026 14:31:28] "GET /api/products HTTP/1.1" 200 264
[14/Sep/2026 14:31:28] "GET /api/sessions?status=active HTTP/1.1" 200 630
[14/Sep/2026 14:31:28] "GET /api/orders HTTP/1.1" 200 9694
[14/Sep/2026 14:31:28] "GET /api/sessions?status=completed HTTP/1.1" 200 27170
[14/Sep/2026 14:31:33] "GET /api/products HTTP/1.1" 200 264
[14/Sep/2026 14:31:33] "GET /api/sessions?status=active HTTP/1.1" 200 630
[14/Sep/2026 14:31:33] "GET /api/orders HTTP/1.1" 200 9694
[14/Sep/2026 14:31:33] "GET /api/sessions?status=completed HTTP/1.1" 200 27170
[14/Sep/2026 14:31:38] "GET /api/sessions?status=active HTTP/1.1" 200 630
[14/Sep/2026 14:31:38] "GET /api/orders HTTP/1.1" 200 9694
[14/Sep/2026 14:31:38] "GET /api/products HTTP/1.1" 200 264
[14/Sep/2026 14:31:38] "GET /api/sessions?status=completed HTTP/1.1" 200 27170
[14/Sep/2026 14:31:43] "GET /api/products HTTP/1.1" 200 264
[14/Sep/2026 14:31:43] "GET /api/sessions?status=active HTTP/1.1" 200 630
[14/Sep/2026 14:31:43] "GET /api/orders HTTP/1.1" 200 9694
[14/Sep/2026 14:31:43] "GET /api/sessions?status=completed HTTP/1.1" 200 27170
[14/Sep/2026 14:31:48] "GET /api/sessions?status=active HTTP/1.1" 200 630
[14/Sep/2026 14:31:48] "GET /api/orders HTTP/1.1" 200 9694
[14/Sep/2026 14:31:48] "GET /api/products HTTP/1.1" 200 264
[14/Sep/2026 14:31:48] "GET /api/sessions?status=completed HTTP/1.1" 200 27170
