[09/Sep/2026 16:25:58] "GET /api/healthz HTTP/1.1" 200 16
[09/Sep/2026 16:25:58,238] - Broken pipe from ('127.0.0.1', 58914)
[09/Sep/2026 16:26:22] "GET /api/products HTTP/1.1" 200 725
[09/Sep/2026 16:26:22] "GET /api/sessions?status=active HTTP/1.1" 200 1154
[09/Sep/2026 16:26:22] "GET /api/orders HTTP/1.1" 200 2240
[09/Sep/2026 16:26:24] "POST /api/orders HTTP/1.1" 201 299
[09/Sep/2026 16:26:24] "GET /api/orders HTTP/1.1" 200 2541
[09/Sep/2026 16:26:27] "GET /api/sessions?status=active HTTP/1.1" 200 1154
[09/Sep/2026 16:26:32] "PATCH /api/orders/8/items HTTP/1.1" 200 207
[09/Sep/2026 16:26:32] "GET /api/orders HTTP/1.1" 200 2449
[09/Sep/2026 16:26:32] "GET /api/sessions?status=active HTTP/1.1" 200 1154
[09/Sep/2026 16:26:37] "GET /api/sessions?status=active HTTP/1.1" 200 1154
[09/Sep/2026 16:26:41] "PATCH /api/orders/8/items HTTP/1.1" 200 299
[09/Sep/2026 16:26:41] "GET /api/orders HTTP/1.1" 200 2541
[09/Sep/2026 16:26:42] "GET /api/sessions?status=active HTTP/1.1" 200 1155
[09/Sep/2026 16:26:47] "GET /api/sessions?status=active HTTP/1.1" 200 1155
[09/Sep/2026 16:26:52] "GET /api/sessions?status=active HTTP/1.1" 200 1155
[09/Sep/2026 16:26:52] "GET /api/dashboard HTTP/1.1" 200 2982
[09/Sep/2026 16:29:06] "GET /api/products HTTP/1.1" 200 725
[09/Sep/2026 16:29:06] "GET /api/sessions?status=active HTTP/1.1" 200 1155
[09/Sep/2026 16:29:06] "GET /api/dashboard HTTP/1.1" 200 2982
[09/Sep/2026 16:29:11] "GET /api/sessions?status=active HTTP/1.1" 200 1155
[09/Sep/2026 16:29:17] "GET /api/products HTTP/1.1" 200 725
[09/Sep/2026 16:29:17] "GET /api/sessions?status=active HTTP/1.1" 200 1155
[09/Sep/2026 16:29:17] "GET /api/dashboard HTTP/1.1" 200 2982
[09/Sep/2026 16:29:22] "GET /api/sessions?status=active HTTP/1.1" 200 1154
[09/Sep/2026 16:29:27] "GET /api/sessions?status=active HTTP/1.1" 200 1154
[09/Sep/2026 16:29:32] "GET /api/sessions?status=active HTTP/1.1" 200 1154
[09/Sep/2026 16:29:37] "GET /api/sessions?status=active HTTP/1.1" 200 1154
[09/Sep/2026 16:29:42] "GET /api/sessions?status=active HTTP/1.1" 200 1155
[09/Sep/2026 16:29:47] "GET /api/dashboard HTTP/1.1" 200 2982
[09/Sep/2026 16:29:47] "GET /api/sessions?status=active HTTP/1.1" 200 1155
[09/Sep/2026 16:29:52] "GET /api/sessions?status=active HTTP/1.1" 200 1155
[09/Sep/2026 16:31:49] "GET /api/products HTTP/1.1" 200 725
[09/Sep/2026 16:31:49] "GET /api/sessions?status=active HTTP/1.1" 200 1155
[09/Sep/2026 16:31:49] "GET /api/dashboard HTTP/1.1" 200 2982
[09/Sep/2026 16:31:54] "GET /api/sessions?status=active HTTP/1.1" 200 1155
[09/Sep/2026 16:31:59] "GET /api/sessions?status=active HTTP/1.1" 200 1155
[09/Sep/2026 16:31:59] "GET /api/resources HTTP/1.1" 200 1654
[09/Sep/2026 16:31:59] "GET /api/products HTTP/1.1" 200 725
[09/Sep/2026 16:31:59] "GET /api/sessions?status=active HTTP/1.1" 200 1155
[09/Sep/2026 16:31:59] "GET /api/sessions HTTP/1.1" 200 1155
[09/Sep/2026 16:32:10] "GET /api/resources HTTP/1.1" 200 1654
[09/Sep/2026 16:32:10] "GET /api/products HTTP/1.1" 200 725
[09/Sep/2026 16:32:10] "GET /api/products HTTP/1.1" 200 725
[09/Sep/2026 16:32:10] "GET /api/sessions HTTP/1.1" 200 1155
[09/Sep/2026 16:32:10] "GET /api/sessions?status=active HTTP/1.1" 200 1155
[09/Sep/2026 16:32:10] "GET /api/sessions?status=active HTTP/1.1" 200 1155
[09/Sep/2026 16:32:36] "GET /api/resources HTTP/1.1" 200 1654
[09/Sep/2026 16:32:36] "GET /api/products HTTP/1.1" 200 725
[09/Sep/2026 16:32:36] "GET /api/sessions HTTP/1.1" 200 1154
[09/Sep/2026 16:32:36] "GET /api/sessions?status=active HTTP/1.1" 200 1154
[09/Sep/2026 16:32:36] "GET /api/products HTTP/1.1" 200 725
[09/Sep/2026 16:32:36] "GET /api/sessions?status=active HTTP/1.1" 200 1154
[09/Sep/2026 16:32:41] "GET /api/sessions?status=active HTTP/1.1" 200 1155
[09/Sep/2026 16:32:41] "GET /api/sessions?status=active HTTP/1.1" 200 1155
[09/Sep/2026 16:32:44] "GET /api/products HTTP/1.1" 200 725
[09/Sep/2026 16:32:44] "GET /api/resources HTTP/1.1" 200 1654
[09/Sep/2026 16:32:44] "GET /api/sessions HTTP/1.1" 200 1155
[09/Sep/2026 16:32:44] "GET /api/sessions?status=active HTTP/1.1" 200 1155
[09/Sep/2026 16:32:49] "GET /api/sessions?status=active HTTP/1.1" 200 1155
[09/Sep/2026 16:32:50] "GET /api/products HTTP/1.1" 200 725
[09/Sep/2026 16:32:50] "GET /api/resources HTTP/1.1" 200 1654
[09/Sep/2026 16:32:50] "GET /api/sessions?status=active HTTP/1.1" 200 1155
[09/Sep/2026 16:32:50] "GET /api/sessions HTTP/1.1" 200 1155
[09/Sep/2026 16:35:50] "GET /api/products HTTP/1.1" 200 725
[09/Sep/2026 16:35:50] "GET /api/sessions HTTP/1.1" 200 1154
[09/Sep/2026 16:35:50] "GET /api/resources HTTP/1.1" 200 1653
[09/Sep/2026 16:35:50] "GET /api/sessions?status=active HTTP/1.1" 200 1154
[09/Sep/2026 16:36:15] "GET /api/sessions?status=active HTTP/1.1" 200 1154
[09/Sep/2026 16:36:18] "GET /api/products HTTP/1.1" 200 725
[09/Sep/2026 16:36:18] "GET /api/resources HTTP/1.1" 200 1653
[09/Sep/2026 16:36:18] "GET /api/sessions HTTP/1.1" 200 1154
[09/Sep/2026 16:36:18] "GET /api/sessions?status=active HTTP/1.1" 200 1154
[09/Sep/2026 16:36:36] "POST /api/sessions HTTP/1.1" 201 473
[09/Sep/2026 16:36:36] "GET /api/sessions HTTP/1.1" 200 1629
[09/Sep/2026 16:36:36] "GET /api/sessions?status=active HTTP/1.1" 200 1629
[09/Sep/2026 16:36:36] "GET /api/resources HTTP/1.1" 200 1706
[09/Sep/2026 16:39:56] "GET /api/resources HTTP/1.1" 200 1707
[09/Sep/2026 16:39:56] "GET /api/products HTTP/1.1" 200 725
[09/Sep/2026 16:39:56] "GET /api/sessions?status=active HTTP/1.1" 200 1633
[09/Sep/2026 16:39:56] "GET /api/sessions HTTP/1.1" 200 1633
[09/Sep/2026 16:40:01] "GET /api/sessions?status=active HTTP/1.1" 200 1633
[09/Sep/2026 16:40:04] "GET /api/products HTTP/1.1" 200 725
[09/Sep/2026 16:40:04] "GET /api/resources HTTP/1.1" 200 1707
[09/Sep/2026 16:40:04] "GET /api/sessions HTTP/1.1" 200 1633
[09/Sep/2026 16:40:04] "GET /api/sessions?status=active HTTP/1.1" 200 1633
[09/Sep/2026 16:40:04] "GET /api/sessions?status=active HTTP/1.1" 200 1633
[09/Sep/2026 16:40:09] "GET /api/sessions?status=active HTTP/1.1" 200 1634
[09/Sep/2026 16:40:12] "PATCH /api/sessions/5 HTTP/1.1" 200 510
[09/Sep/2026 16:40:12] "GET /api/sessions?status=active HTTP/1.1" 200 1154
[09/Sep/2026 16:40:14] "GET /api/sessions?status=active HTTP/1.1" 200 1154
[09/Sep/2026 16:40:18] "POST /api/sessions HTTP/1.1" 201 473
[09/Sep/2026 16:40:18] "GET /api/sessions?status=active HTTP/1.1" 200 1629
[09/Sep/2026 16:40:19] "GET /api/sessions?status=active HTTP/1.1" 200 1629
[09/Sep/2026 16:40:24] "GET /api/sessions?status=active HTTP/1.1" 200 1629
[09/Sep/2026 16:40:27] "PATCH /api/sessions/5 HTTP/1.1" 200 511
[09/Sep/2026 16:40:27] "GET /api/sessions?status=active HTTP/1.1" 200 1631
[09/Sep/2026 16:40:29] "GET /api/sessions?status=active HTTP/1.1" 200 1632
[09/Sep/2026 16:40:34] "GET /api/sessions HTTP/1.1" 200 1632
[09/Sep/2026 16:40:34] "GET /api/sessions?status=active HTTP/1.1" 200 1632
[09/Sep/2026 16:40:38] "PATCH /api/sessions/6 HTTP/1.1" 200 509
[09/Sep/2026 16:40:38] "GET /api/sessions?status=active HTTP/1.1" 200 1154
[09/Sep/2026 16:40:39] "GET /api/sessions?status=active HTTP/1.1" 200 1154
[09/Sep/2026 16:40:44] "GET /api/sessions?status=active HTTP/1.1" 200 1154
[09/Sep/2026 16:40:49] "GET /api/sessions?status=active HTTP/1.1" 200 1154
[09/Sep/2026 16:40:50] "POST /api/sessions HTTP/1.1" 201 470
[09/Sep/2026 16:40:50] "GET /api/sessions?status=active HTTP/1.1" 200 1626
[09/Sep/2026 16:40:53] "GET /api/resources HTTP/1.1" 200 1706
[09/Sep/2026 16:40:53] "GET /api/sessions?status=active HTTP/1.1" 200 1626
[09/Sep/2026 16:40:53] "GET /api/products HTTP/1.1" 200 725
[09/Sep/2026 16:40:53] "GET /api/sessions HTTP/1.1" 200 1626
[09/Sep/2026 16:45:14] "GET /api/products HTTP/1.1" 200 725
[09/Sep/2026 16:45:14] "GET /api/resources HTTP/1.1" 200 1708
[09/Sep/2026 16:45:14] "GET /api/sessions?status=active HTTP/1.1" 200 1632
[09/Sep/2026 16:45:15] "GET /api/sessions HTTP/1.1" 200 1632
[09/Sep/2026 16:45:23] "PATCH /api/sessions/7 HTTP/1.1" 200 508
[09/Sep/2026 16:45:23] "GET /api/sessions?status=active HTTP/1.1" 200 1154
[09/Sep/2026 16:45:23] "GET /api/sessions HTTP/1.1" 200 1154
[09/Sep/2026 16:45:23] "GET /api/resources HTTP/1.1" 200 1653
[09/Sep/2026 16:45:37] "POST /api/sessions HTTP/1.1" 201 470
[09/Sep/2026 16:45:37] "GET /api/sessions?status=active HTTP/1.1" 200 1626
[09/Sep/2026 16:45:37] "GET /api/resources HTTP/1.1" 200 1706
[09/Sep/2026 16:45:37] "GET /api/sessions HTTP/1.1" 200 1626
[09/Sep/2026 16:45:44] "GET /api/resources HTTP/1.1" 200 1706
[09/Sep/2026 16:45:44] "GET /api/products HTTP/1.1" 200 725
[09/Sep/2026 16:45:45] "GET /api/sessions HTTP/1.1" 200 1626
[09/Sep/2026 16:45:45] "GET /api/sessions?status=active HTTP/1.1" 200 1626
[09/Sep/2026 16:45:49] "GET /api/products HTTP/1.1" 200 725
[09/Sep/2026 16:45:49] "GET /api/resources HTTP/1.1" 200 1706
[09/Sep/2026 16:45:49] "GET /api/sessions?status=active HTTP/1.1" 200 1629
[09/Sep/2026 16:45:49] "GET /api/sessions HTTP/1.1" 200 1629
[09/Sep/2026 16:45:49] "GET /api/products HTTP/1.1" 200 725
[09/Sep/2026 16:45:54] "GET /api/products HTTP/1.1" 200 725
[09/Sep/2026 16:45:54] "GET /api/sessions?status=active HTTP/1.1" 200 1628
[09/Sep/2026 16:45:54] "GET /api/resources HTTP/1.1" 200 1706
[09/Sep/2026 16:45:54] "GET /api/sessions HTTP/1.1" 200 1628
[09/Sep/2026 16:46:00] "GET /api/products HTTP/1.1" 200 725
[09/Sep/2026 16:46:00] "GET /api/resources HTTP/1.1" 200 1705
[09/Sep/2026 16:46:00] "GET /api/sessions?status=active HTTP/1.1" 200 1627
[09/Sep/2026 16:46:00] "GET /api/sessions HTTP/1.1" 200 1627
[09/Sep/2026 16:46:04] "GET /api/products HTTP/1.1" 200 725
[09/Sep/2026 16:46:04] "GET /api/resources HTTP/1.1" 200 1705
[09/Sep/2026 16:46:04] "GET /api/sessions?status=active HTTP/1.1" 200 1627
[09/Sep/2026 16:46:04] "GET /api/sessions HTTP/1.1" 200 1627
[09/Sep/2026 16:46:07] "GET /api/products HTTP/1.1" 200 725
[09/Sep/2026 16:46:07] "GET /api/sessions?status=active HTTP/1.1" 200 1627
[09/Sep/2026 16:46:07] "GET /api/sessions HTTP/1.1" 200 1627
[09/Sep/2026 16:46:07] "GET /api/resources HTTP/1.1" 200 1705
[09/Sep/2026 16:46:09] "GET /api/products HTTP/1.1" 200 725
[09/Sep/2026 16:46:09] "GET /api/sessions HTTP/1.1" 200 1628
[09/Sep/2026 16:46:09] "GET /api/resources HTTP/1.1" 200 1705
[09/Sep/2026 16:46:09] "GET /api/sessions?status=active HTTP/1.1" 200 1628
[09/Sep/2026 16:46:14] "GET /api/resources HTTP/1.1" 200 1705
[09/Sep/2026 16:46:14] "GET /api/products HTTP/1.1" 200 725
[09/Sep/2026 16:46:14] "GET /api/sessions?status=active HTTP/1.1" 200 1628
[09/Sep/2026 16:46:14] "GET /api/sessions HTTP/1.1" 200 1628
[09/Sep/2026 16:46:14] "GET /api/products HTTP/1.1" 200 725
[09/Sep/2026 16:46:14] "GET /api/resources HTTP/1.1" 200 1705
[09/Sep/2026 16:46:14] "GET /api/sessions HTTP/1.1" 200 1628
[09/Sep/2026 16:46:14] "GET /api/sessions?status=active HTTP/1.1" 200 1628
[09/Sep/2026 16:46:54] "GET /api/products HTTP/1.1" 200 725
[09/Sep/2026 16:46:55] "GET /api/resources HTTP/1.1" 200 1705
[09/Sep/2026 16:46:55] "GET /api/sessions?status=active HTTP/1.1" 200 1628
[09/Sep/2026 16:46:55] "GET /api/products HTTP/1.1" 200 725
[09/Sep/2026 16:46:55] "GET /api/sessions HTTP/1.1" 200 1628
[09/Sep/2026 16:46:59] "GET /api/products HTTP/1.1" 200 725
[09/Sep/2026 16:46:59] "GET /api/resources HTTP/1.1" 200 1705
[09/Sep/2026 16:46:59] "GET /api/sessions HTTP/1.1" 200 1628
[09/Sep/2026 16:46:59] "GET /api/sessions?status=active HTTP/1.1" 200 1628
[09/Sep/2026 16:47:22] "GET /api/products HTTP/1.1" 200 725
[09/Sep/2026 16:47:22] "GET /api/resources HTTP/1.1" 200 1705
[09/Sep/2026 16:47:22] "GET /api/sessions HTTP/1.1" 200 1628
[09/Sep/2026 16:47:22] "GET /api/sessions?status=active HTTP/1.1" 200 1628
[09/Sep/2026 16:47:24] "GET /api/products HTTP/1.1" 200 725
[09/Sep/2026 16:47:24] "GET /api/resources HTTP/1.1" 200 1705
[09/Sep/2026 16:47:24] "GET /api/sessions HTTP/1.1" 200 1628
[09/Sep/2026 16:47:24] "GET /api/sessions?status=active HTTP/1.1" 200 1628
[09/Sep/2026 16:47:29] "GET /api/sessions?status=active HTTP/1.1" 200 1627
[09/Sep/2026 16:47:29] "GET /api/resources HTTP/1.1" 200 1704
[09/Sep/2026 16:47:29] "GET /api/products HTTP/1.1" 200 725
[09/Sep/2026 16:47:29] "GET /api/sessions HTTP/1.1" 200 1627
[09/Sep/2026 16:47:34] "GET /api/products HTTP/1.1" 200 725
[09/Sep/2026 16:47:34] "GET /api/resources HTTP/1.1" 200 1704
[09/Sep/2026 16:47:34] "GET /api/sessions?status=active HTTP/1.1" 200 1627
[09/Sep/2026 16:47:34] "GET /api/sessions HTTP/1.1" 200 1627
[09/Sep/2026 16:47:39] "GET /api/products HTTP/1.1" 200 725
[09/Sep/2026 16:47:39] "GET /api/resources HTTP/1.1" 200 1706
[09/Sep/2026 16:47:39] "GET /api/sessions?status=active HTTP/1.1" 200 1630
[09/Sep/2026 16:47:39] "GET /api/sessions HTTP/1.1" 200 1630
[09/Sep/2026 16:47:43] "GET /api/products HTTP/1.1" 200 725
[09/Sep/2026 16:47:43] "GET /api/sessions HTTP/1.1" 200 1630
[09/Sep/2026 16:47:43] "GET /api/sessions?status=active HTTP/1.1" 200 1630
[09/Sep/2026 16:47:43] "GET /api/resources HTTP/1.1" 200 1706
[09/Sep/2026 16:47:48] "GET /api/sessions?status=active HTTP/1.1" 200 1631
[09/Sep/2026 16:47:53] "GET /api/sessions?status=active HTTP/1.1" 200 1631
[09/Sep/2026 16:47:54] "GET /api/products HTTP/1.1" 200 725
[09/Sep/2026 16:47:54] "GET /api/resources HTTP/1.1" 200 1707
[09/Sep/2026 16:47:54] "GET /api/sessions?status=active HTTP/1.1" 200 1631
[09/Sep/2026 16:47:54] "GET /api/sessions HTTP/1.1" 200 1631
[09/Sep/2026 16:47:56] "PATCH /api/sessions/8 HTTP/1.1" 200 507
[09/Sep/2026 16:47:59] "GET /api/sessions?status=active HTTP/1.1" 200 1154
[09/Sep/2026 16:48:04] "GET /api/sessions?status=active HTTP/1.1" 200 1154
[09/Sep/2026 16:48:06] "GET /api/products HTTP/1.1" 200 725
[09/Sep/2026 16:48:06] "GET /api/resources HTTP/1.1" 200 1653
[09/Sep/2026 16:48:06] "GET /api/sessions?status=active HTTP/1.1" 200 1154
[09/Sep/2026 16:48:06] "GET /api/sessions HTTP/1.1" 200 1154
[09/Sep/2026 16:48:08] "GET /api/products HTTP/1.1" 200 725
[09/Sep/2026 16:48:08] "GET /api/resources HTTP/1.1" 200 1653
[09/Sep/2026 16:48:08] "GET /api/sessions HTTP/1.1" 200 1154
[09/Sep/2026 16:48:08] "GET /api/sessions?status=active HTTP/1.1" 200 1154
[09/Sep/2026 16:48:23] "GET /api/sessions?status=active HTTP/1.1" 200 1154
[09/Sep/2026 16:48:27] "POST /api/sessions HTTP/1.1" 201 441
[09/Sep/2026 16:48:28] "GET /api/sessions?status=active HTTP/1.1" 200 1597
[09/Sep/2026 16:48:33] "GET /api/sessions?status=active HTTP/1.1" 200 1597
[09/Sep/2026 16:48:33] "GET /api/products HTTP/1.1" 200 725
[09/Sep/2026 16:48:33] "GET /api/resources HTTP/1.1" 200 1677
[09/Sep/2026 16:48:33] "GET /api/sessions?status=active HTTP/1.1" 200 1597
[09/Sep/2026 16:48:33] "GET /api/sessions HTTP/1.1" 200 1597
[09/Sep/2026 16:48:38] "GET /api/resources HTTP/1.1" 200 1677
[09/Sep/2026 16:48:38] "GET /api/sessions?status=active HTTP/1.1" 200 1600
[09/Sep/2026 16:48:38] "GET /api/products HTTP/1.1" 200 725
[09/Sep/2026 16:48:38] "GET /api/sessions HTTP/1.1" 200 1600
[09/Sep/2026 16:49:23] "GET /api/resources HTTP/1.1" 200 1676
[09/Sep/2026 16:49:23] "GET /api/products HTTP/1.1" 200 725
[09/Sep/2026 16:49:23] "GET /api/sessions?status=active HTTP/1.1" 200 1599
[09/Sep/2026 16:49:23] "GET /api/sessions HTTP/1.1" 200 1599
[09/Sep/2026 16:49:32] "GET /api/resources HTTP/1.1" 200 1676
[09/Sep/2026 16:49:32] "GET /api/products HTTP/1.1" 200 725
[09/Sep/2026 16:49:32] "GET /api/sessions?status=active HTTP/1.1" 200 1599
[09/Sep/2026 16:49:32] "GET /api/sessions HTTP/1.1" 200 1599
[09/Sep/2026 16:50:27] "GET /api/sessions?status=active HTTP/1.1" 200 1598
[09/Sep/2026 16:50:32] "GET /api/sessions?status=active HTTP/1.1" 200 1600
[09/Sep/2026 16:50:32] "GET /api/sessions HTTP/1.1" 200 1600
[09/Sep/2026 16:50:37] "GET /api/sessions?status=active HTTP/1.1" 200 1600
[09/Sep/2026 16:50:37] "GET /api/products HTTP/1.1" 200 725
[09/Sep/2026 16:50:37] "GET /api/sessions?status=active HTTP/1.1" 200 1600
[09/Sep/2026 16:50:37] "GET /api/resources HTTP/1.1" 200 1677
[09/Sep/2026 16:50:37] "GET /api/sessions HTTP/1.1" 200 1600
[09/Sep/2026 16:50:42] "GET /api/sessions?status=active HTTP/1.1" 200 1602
[09/Sep/2026 16:50:42] "GET /api/sessions HTTP/1.1" 200 1602
[09/Sep/2026 16:50:42] "GET /api/resources HTTP/1.1" 200 1678
[09/Sep/2026 16:50:42] "GET /api/products HTTP/1.1" 200 725
[09/Sep/2026 16:50:47] "PATCH /api/sessions/4 HTTP/1.1" 200 1187
[09/Sep/2026 16:50:47] "GET /api/sessions?status=active HTTP/1.1" 200 447
[09/Sep/2026 16:50:47] "GET /api/sessions HTTP/1.1" 200 447
[09/Sep/2026 16:50:47] "GET /api/resources HTTP/1.1" 200 1624
[09/Sep/2026 16:50:47] "GET /api/products HTTP/1.1" 200 725
[09/Sep/2026 16:50:47] "GET /api/sessions?status=active HTTP/1.1" 200 447
[09/Sep/2026 16:50:47] "GET /api/resources HTTP/1.1" 200 1624
[09/Sep/2026 16:50:47] "GET /api/sessions HTTP/1.1" 200 447
[09/Sep/2026 16:50:52] "GET /api/dashboard HTTP/1.1" 200 3224
[09/Sep/2026 16:50:52] "GET /api/products HTTP/1.1" 200 725
[09/Sep/2026 16:50:52] "GET /api/sessions?status=active HTTP/1.1" 200 447
[09/Sep/2026 16:50:52] "GET /api/dashboard HTTP/1.1" 200 3224
[09/Sep/2026 16:50:57] "GET /api/sessions?status=active HTTP/1.1" 200 447
[09/Sep/2026 16:50:57] "GET /api/products HTTP/1.1" 200 725
[09/Sep/2026 16:50:57] "GET /api/resources HTTP/1.1" 200 1624
[09/Sep/2026 16:50:57] "GET /api/sessions HTTP/1.1" 200 447
[09/Sep/2026 16:50:57] "GET /api/products HTTP/1.1" 200 725
[09/Sep/2026 16:50:57] "GET /api/resources HTTP/1.1" 200 1624
[09/Sep/2026 16:50:57] "GET /api/sessions?status=active HTTP/1.1" 200 447
[09/Sep/2026 16:50:57] "GET /api/sessions HTTP/1.1" 200 447
[09/Sep/2026 16:51:00] "GET /api/resources HTTP/1.1" 200 1624
[09/Sep/2026 16:51:00] "GET /api/products HTTP/1.1" 200 725
[09/Sep/2026 16:51:00] "GET /api/sessions?status=active HTTP/1.1" 200 447
[09/Sep/2026 16:51:00] "GET /api/sessions HTTP/1.1" 200 447
[09/Sep/2026 16:51:05] "GET /api/products HTTP/1.1" 200 725
[09/Sep/2026 16:51:05] "GET /api/sessions HTTP/1.1" 200 447
[09/Sep/2026 16:51:05] "GET /api/resources HTTP/1.1" 200 1624
[09/Sep/2026 16:51:05] "GET /api/sessions?status=active HTTP/1.1" 200 447
[09/Sep/2026 16:51:07] "POST /api/sessions HTTP/1.1" 201 471
[09/Sep/2026 16:51:07] "GET /api/resources HTTP/1.1" 200 1678
[09/Sep/2026 16:51:07] "GET /api/sessions HTTP/1.1" 200 920
[09/Sep/2026 16:51:07] "GET /api/sessions?status=active HTTP/1.1" 200 920
[09/Sep/2026 16:51:10] "GET /api/products HTTP/1.1" 200 725
[09/Sep/2026 16:51:10] "GET /api/sessions HTTP/1.1" 200 920
[09/Sep/2026 16:51:10] "GET /api/resources HTTP/1.1" 200 1678
[09/Sep/2026 16:51:10] "GET /api/sessions?status=active HTTP/1.1" 200 920
[09/Sep/2026 16:51:15] "GET /api/products HTTP/1.1" 200 725
[09/Sep/2026 16:51:15] "GET /api/sessions?status=active HTTP/1.1" 200 920
[09/Sep/2026 16:51:15] "GET /api/resources HTTP/1.1" 200 1678
[09/Sep/2026 16:51:15] "GET /api/sessions HTTP/1.1" 200 920
[09/Sep/2026 16:51:21] "GET /api/products HTTP/1.1" 200 725
[09/Sep/2026 16:51:21] "GET /api/resources HTTP/1.1" 200 1678
[09/Sep/2026 16:51:21] "GET /api/sessions?status=active HTTP/1.1" 200 921
[09/Sep/2026 16:51:21] "GET /api/sessions HTTP/1.1" 200 921
[09/Sep/2026 16:51:24] "GET /api/resources HTTP/1.1" 200 1678
[09/Sep/2026 16:51:24] "GET /api/products HTTP/1.1" 200 725
[09/Sep/2026 16:51:24] "GET /api/sessions HTTP/1.1" 200 921
[09/Sep/2026 16:51:24] "GET /api/sessions?status=active HTTP/1.1" 200 921
[09/Sep/2026 16:51:25] "GET /api/products HTTP/1.1" 200 725
[09/Sep/2026 16:51:25] "GET /api/sessions HTTP/1.1" 200 921
[09/Sep/2026 16:51:25] "GET /api/sessions?status=active HTTP/1.1" 200 921
[09/Sep/2026 16:51:25] "GET /api/resources HTTP/1.1" 200 1678
[09/Sep/2026 16:51:26] "GET /api/products HTTP/1.1" 200 725
[09/Sep/2026 16:51:26] "GET /api/orders HTTP/1.1" 200 2543
[09/Sep/2026 16:51:30] "GET /api/products HTTP/1.1" 200 725
[09/Sep/2026 16:51:30] "GET /api/sessions?status=active HTTP/1.1" 200 920
[09/Sep/2026 16:51:30] "GET /api/orders HTTP/1.1" 200 2543
[09/Sep/2026 16:51:35] "GET /api/products HTTP/1.1" 200 725
[09/Sep/2026 16:51:35] "GET /api/sessions?status=active HTTP/1.1" 200 920
[09/Sep/2026 16:51:35] "GET /api/orders HTTP/1.1" 200 2543
[09/Sep/2026 16:51:39] "GET /api/products HTTP/1.1" 200 725
[09/Sep/2026 16:51:39] "GET /api/resources HTTP/1.1" 200 1677
[09/Sep/2026 16:51:40] "GET /api/resources HTTP/1.1" 200 1677
[09/Sep/2026 16:51:40] "GET /api/sessions?status=active HTTP/1.1" 200 922
[09/Sep/2026 16:51:40] "GET /api/products HTTP/1.1" 200 725
[09/Sep/2026 16:52:15] "GET /api/products HTTP/1.1" 200 725
[09/Sep/2026 16:52:15] "GET /api/resources HTTP/1.1" 200 1677
[09/Sep/2026 16:52:15] "GET /api/sessions?status=active HTTP/1.1" 200 922
[09/Sep/2026 16:52:29] "GET /api/products HTTP/1.1" 200 725
[09/Sep/2026 16:52:29] "GET /api/resources HTTP/1.1" 200 1677
[09/Sep/2026 16:52:29] "GET /api/sessions?status=active HTTP/1.1" 200 922
[09/Sep/2026 16:52:42] "GET /api/sessions HTTP/1.1" 200 922
[09/Sep/2026 16:52:42] "GET /api/products HTTP/1.1" 200 725
[09/Sep/2026 16:52:42] "GET /api/sessions?status=active HTTP/1.1" 200 922
[09/Sep/2026 16:52:42] "GET /api/resources HTTP/1.1" 200 1677
[09/Sep/2026 16:52:44] "GET /api/products HTTP/1.1" 200 725
[09/Sep/2026 16:52:44] "GET /api/sessions HTTP/1.1" 200 922
[09/Sep/2026 16:52:44] "GET /api/resources HTTP/1.1" 200 1677
[09/Sep/2026 16:52:44] "GET /api/sessions?status=active HTTP/1.1" 200 922
[09/Sep/2026 16:52:44] "GET /api/sessions?status=active HTTP/1.1" 200 922
[09/Sep/2026 16:52:49] "GET /api/products HTTP/1.1" 200 725
[09/Sep/2026 16:52:49] "GET /api/sessions HTTP/1.1" 200 923
[09/Sep/2026 16:52:49] "GET /api/resources HTTP/1.1" 200 1677
[09/Sep/2026 16:52:49] "GET /api/sessions?status=active HTTP/1.1" 200 923
[09/Sep/2026 16:52:49] "GET /api/sessions?status=active HTTP/1.1" 200 923
[09/Sep/2026 16:52:54] "GET /api/resources HTTP/1.1" 200 1677
[09/Sep/2026 16:52:54] "GET /api/products HTTP/1.1" 200 725
[09/Sep/2026 16:52:54] "GET /api/sessions HTTP/1.1" 200 923
[09/Sep/2026 16:52:54] "GET /api/sessions?status=active HTTP/1.1" 200 923
[09/Sep/2026 16:52:54] "GET /api/sessions?status=active HTTP/1.1" 200 923
[09/Sep/2026 16:52:59] "GET /api/products HTTP/1.1" 200 725
[09/Sep/2026 16:52:59] "GET /api/sessions?status=active HTTP/1.1" 200 922
[09/Sep/2026 16:52:59] "GET /api/sessions HTTP/1.1" 200 922
[09/Sep/2026 16:52:59] "GET /api/resources HTTP/1.1" 200 1676
[09/Sep/2026 16:52:59] "GET /api/sessions?status=active HTTP/1.1" 200 922
[09/Sep/2026 16:53:04] "GET /api/products HTTP/1.1" 200 725
[09/Sep/2026 16:53:04] "GET /api/sessions?status=active HTTP/1.1" 200 922
[09/Sep/2026 16:53:04] "GET /api/sessions HTTP/1.1" 200 922
[09/Sep/2026 16:53:04] "GET /api/resources HTTP/1.1" 200 1676
[09/Sep/2026 16:53:04] "GET /api/sessions?status=active HTTP/1.1" 200 922
[09/Sep/2026 16:53:09] "GET /api/products HTTP/1.1" 200 725
[09/Sep/2026 16:53:09] "GET /api/sessions?status=active HTTP/1.1" 200 924
[09/Sep/2026 16:53:09] "GET /api/resources HTTP/1.1" 200 1678
[09/Sep/2026 16:53:09] "GET /api/sessions HTTP/1.1" 200 924
[09/Sep/2026 16:53:09] "GET /api/sessions?status=active HTTP/1.1" 200 924
[09/Sep/2026 16:53:14] "GET /api/products HTTP/1.1" 200 725
[09/Sep/2026 16:53:14] "GET /api/sessions HTTP/1.1" 200 924
[09/Sep/2026 16:53:14] "GET /api/sessions?status=active HTTP/1.1" 200 924
[09/Sep/2026 16:53:14] "GET /api/resources HTTP/1.1" 200 1678
[09/Sep/2026 16:53:14] "GET /api/sessions?status=active HTTP/1.1" 200 924
[09/Sep/2026 16:53:19] "GET /api/products HTTP/1.1" 200 725
[09/Sep/2026 16:53:19] "GET /api/sessions HTTP/1.1" 200 925
[09/Sep/2026 16:53:19] "GET /api/sessions?status=active HTTP/1.1" 200 925
[09/Sep/2026 16:53:19] "GET /api/resources HTTP/1.1" 200 1679
[09/Sep/2026 16:53:19] "GET /api/sessions?status=active HTTP/1.1" 200 925
[09/Sep/2026 16:53:20] "PATCH /api/sessions/10/cafeteria-items HTTP/1.1" 200 755
[09/Sep/2026 16:53:20] "GET /api/sessions HTTP/1.1" 200 1204
[09/Sep/2026 16:53:20] "GET /api/sessions?status=active HTTP/1.1" 200 1204
[09/Sep/2026 16:53:20] "PATCH /api/sessions/10/cafeteria-items HTTP/1.1" 200 754
[09/Sep/2026 16:53:20] "GET /api/sessions?status=active HTTP/1.1" 200 1203
[09/Sep/2026 16:53:20] "GET /api/sessions HTTP/1.1" 200 1203
[09/Sep/2026 16:53:21] "PATCH /api/sessions/10/cafeteria-items HTTP/1.1" 200 860
[09/Sep/2026 16:53:21] "GET /api/sessions HTTP/1.1" 200 1309
[09/Sep/2026 16:53:21] "GET /api/sessions?status=active HTTP/1.1" 200 1309
[09/Sep/2026 16:53:23] "PATCH /api/sessions/10/cafeteria-items HTTP/1.1" 200 966
[09/Sep/2026 16:53:23] "GET /api/sessions HTTP/1.1" 200 1415
[09/Sep/2026 16:53:23] "GET /api/sessions?status=active HTTP/1.1" 200 1415
[09/Sep/2026 16:53:24] "GET /api/products HTTP/1.1" 200 725
[09/Sep/2026 16:53:24] "GET /api/sessions HTTP/1.1" 200 1415
[09/Sep/2026 16:53:24] "GET /api/sessions?status=active HTTP/1.1" 200 1415
[09/Sep/2026 16:53:24] "GET /api/resources HTTP/1.1" 200 1679
[09/Sep/2026 16:53:24] "GET /api/sessions?status=active HTTP/1.1" 200 1415
[09/Sep/2026 16:53:27] "PATCH /api/sessions/10 HTTP/1.1" 200 1000
[09/Sep/2026 16:53:27] "GET /api/sessions?status=active HTTP/1.1" 200 447
[09/Sep/2026 16:53:27] "GET /api/resources HTTP/1.1" 200 1624
[09/Sep/2026 16:53:27] "GET /api/sessions HTTP/1.1" 200 447
[09/Sep/2026 16:53:29] "GET /api/products HTTP/1.1" 200 725
[09/Sep/2026 16:53:29] "GET /api/sessions HTTP/1.1" 200 447
[09/Sep/2026 16:53:29] "GET /api/sessions?status=active HTTP/1.1" 200 447
[09/Sep/2026 16:53:29] "GET /api/resources HTTP/1.1" 200 1624
[09/Sep/2026 16:53:29] "GET /api/sessions?status=active HTTP/1.1" 200 447
[09/Sep/2026 16:53:29] "GET /api/reports/profit?from=2026-09-09&to=2026-09-09 HTTP/1.1" 200 261
[09/Sep/2026 16:53:31] "GET /api/orders HTTP/1.1" 200 3036
[09/Sep/2026 16:53:31] "GET /api/sessions?status=completed HTTP/1.1" 200 7028
[09/Sep/2026 16:53:34] "GET /api/orders HTTP/1.1" 200 3036
[09/Sep/2026 16:53:34] "GET /api/sessions?status=completed HTTP/1.1" 200 7028
[09/Sep/2026 16:53:34] "GET /api/sessions?status=active HTTP/1.1" 200 447
[09/Sep/2026 16:53:39] "GET /api/sessions?status=completed HTTP/1.1" 200 7028
[09/Sep/2026 16:53:39] "GET /api/orders HTTP/1.1" 200 3036
[09/Sep/2026 16:53:39] "GET /api/sessions?status=active HTTP/1.1" 200 447
[09/Sep/2026 16:53:44] "GET /api/orders HTTP/1.1" 200 3036
[09/Sep/2026 16:53:44] "GET /api/sessions?status=completed HTTP/1.1" 200 7028
[09/Sep/2026 16:53:44] "GET /api/sessions?status=active HTTP/1.1" 200 447
[09/Sep/2026 16:53:49] "GET /api/sessions?status=completed HTTP/1.1" 200 7028
[09/Sep/2026 16:53:49] "GET /api/orders HTTP/1.1" 200 3036
[09/Sep/2026 16:53:49] "GET /api/sessions?status=active HTTP/1.1" 200 447
[09/Sep/2026 16:53:54] "GET /api/sessions?status=completed HTTP/1.1" 200 7028
[09/Sep/2026 16:53:54] "GET /api/orders HTTP/1.1" 200 3036
[09/Sep/2026 16:53:54] "GET /api/sessions?status=active HTTP/1.1" 200 447
[09/Sep/2026 16:53:59] "GET /api/sessions?status=completed HTTP/1.1" 200 7028
[09/Sep/2026 16:53:59] "GET /api/orders HTTP/1.1" 200 3036
[09/Sep/2026 16:53:59] "GET /api/sessions?status=active HTTP/1.1" 200 447
[09/Sep/2026 16:54:13] "GET /api/sessions?status=completed HTTP/1.1" 200 7028
[09/Sep/2026 16:54:13] "GET /api/orders HTTP/1.1" 200 3036
[09/Sep/2026 16:54:14] "GET /api/orders HTTP/1.1" 200 3036
[09/Sep/2026 16:54:14] "GET /api/sessions?status=completed HTTP/1.1" 200 7028
[09/Sep/2026 16:54:14] "GET /api/sessions?status=active HTTP/1.1" 200 447
[09/Sep/2026 16:54:16] "GET /api/resources HTTP/1.1" 200 1624
[09/Sep/2026 16:54:16] "GET /api/products HTTP/1.1" 200 725
[09/Sep/2026 16:54:19] "GET /api/products HTTP/1.1" 200 725
[09/Sep/2026 16:54:19] "GET /api/resources HTTP/1.1" 200 1624
[09/Sep/2026 16:54:19] "GET /api/sessions?status=active HTTP/1.1" 200 445
Conflict: /api/products/7
[09/Sep/2026 16:54:22] "GET /api/products HTTP/1.1" 200 725
[09/Sep/2026 16:54:22] "DELETE /api/products/7 HTTP/1.1" 409 67
[09/Sep/2026 16:54:22] "GET /api/resources HTTP/1.1" 200 1624
[09/Sep/2026 16:54:23] "GET /api/products HTTP/1.1" 200 725
[09/Sep/2026 16:54:23] "GET /api/resources HTTP/1.1" 200 1624
[09/Sep/2026 16:54:24] "GET /api/products HTTP/1.1" 200 725
[09/Sep/2026 16:54:24] "GET /api/resources HTTP/1.1" 200 1624
[09/Sep/2026 16:54:24] "GET /api/sessions?status=active HTTP/1.1" 200 445
Conflict: /api/products/6
[09/Sep/2026 16:54:26] "DELETE /api/products/6 HTTP/1.1" 409 67
[09/Sep/2026 16:54:26] "GET /api/resources HTTP/1.1" 200 1624
[09/Sep/2026 16:54:26] "GET /api/products HTTP/1.1" 200 725
[09/Sep/2026 16:54:27] "GET /api/products HTTP/1.1" 200 725
[09/Sep/2026 16:54:27] "GET /api/resources HTTP/1.1" 200 1624
[09/Sep/2026 16:54:29] "GET /api/resources HTTP/1.1" 200 1624
[09/Sep/2026 16:54:29] "GET /api/products HTTP/1.1" 200 725
[09/Sep/2026 16:54:29] "GET /api/sessions?status=active HTTP/1.1" 200 445
[09/Sep/2026 16:55:03] "GET /api/products HTTP/1.1" 200 725
[09/Sep/2026 16:55:03] "GET /api/resources HTTP/1.1" 200 1624
[09/Sep/2026 16:55:04] "GET /api/resources HTTP/1.1" 200 1624
[09/Sep/2026 16:55:04] "GET /api/products HTTP/1.1" 200 725
[09/Sep/2026 16:55:04] "GET /api/sessions?status=active HTTP/1.1" 200 447
[09/Sep/2026 16:55:18] "GET /api/resources HTTP/1.1" 200 1624
[09/Sep/2026 16:55:18] "GET /api/products HTTP/1.1" 200 725
[09/Sep/2026 16:55:19] "GET /api/resources HTTP/1.1" 200 1624
[09/Sep/2026 16:55:19] "GET /api/products HTTP/1.1" 200 725
[09/Sep/2026 16:55:19] "GET /api/sessions?status=active HTTP/1.1" 200 447
[09/Sep/2026 16:55:41] "GET /api/products HTTP/1.1" 200 725
[09/Sep/2026 16:55:41] "GET /api/resources HTTP/1.1" 200 1624
Conflict: /api/products/7
[09/Sep/2026 16:55:45] "GET /api/products HTTP/1.1" 200 725
[09/Sep/2026 16:55:45] "GET /api/resources HTTP/1.1" 200 1624
[09/Sep/2026 16:55:45] "GET /api/sessions?status=active HTTP/1.1" 200 447
[09/Sep/2026 16:55:46] "DELETE /api/products/7 HTTP/1.1" 409 67
[09/Sep/2026 16:55:50] "GET /api/resources HTTP/1.1" 200 1624
[09/Sep/2026 16:55:50] "GET /api/products HTTP/1.1" 200 725
[09/Sep/2026 16:56:16] "GET /api/resources HTTP/1.1" 200 1624
[09/Sep/2026 16:56:16] "GET /api/products HTTP/1.1" 200 725
[09/Sep/2026 16:56:32] "GET /api/products HTTP/1.1" 200 725
[09/Sep/2026 16:56:32] "GET /api/resources HTTP/1.1" 200 1624
[09/Sep/2026 16:56:32] "GET /api/sessions?status=active HTTP/1.1" 200 447
[09/Sep/2026 16:56:32] "GET /api/products HTTP/1.1" 200 725
[09/Sep/2026 16:56:42] "GET /api/sessions?status=active HTTP/1.1" 200 447
[09/Sep/2026 16:56:46] "GET /api/products HTTP/1.1" 200 725
[09/Sep/2026 16:56:46] "GET /api/sessions?status=active HTTP/1.1" 200 447
[09/Sep/2026 16:56:46] "GET /api/resources HTTP/1.1" 200 1624
[09/Sep/2026 16:56:50] "GET /api/resources HTTP/1.1" 200 1624
[09/Sep/2026 16:56:50] "GET /api/products HTTP/1.1" 200 725
[09/Sep/2026 16:56:50] "GET /api/sessions?status=active HTTP/1.1" 200 447
[09/Sep/2026 16:56:55] "GET /api/sessions?status=active HTTP/1.1" 200 447
[09/Sep/2026 16:56:59] "PATCH /api/resources/7 HTTP/1.1" 200 201
[09/Sep/2026 16:56:59] "GET /api/products HTTP/1.1" 200 725
[09/Sep/2026 16:56:59] "GET /api/sessions?status=active HTTP/1.1" 200 447
[09/Sep/2026 16:56:59] "GET /api/products HTTP/1.1" 200 725
[09/Sep/2026 16:56:59] "GET /api/resources HTTP/1.1" 200 1624
[09/Sep/2026 16:57:04] "GET /api/products HTTP/1.1" 200 725
[09/Sep/2026 16:57:04] "GET /api/sessions?status=active HTTP/1.1" 200 447
Conflict: /api/products/7
[09/Sep/2026 16:57:08] "DELETE /api/products/7 HTTP/1.1" 409 67
[09/Sep/2026 16:57:46] "GET /api/products HTTP/1.1" 200 725
[09/Sep/2026 16:57:46,678] - Broken pipe from ('127.0.0.1', 61015)
