
  VITE v7.3.6  ready in 6915 ms

  ➜  Local:   http://localhost:5173/
  ➜  Network: http://192.168.1.12:5173/
3:31:54 PM [vite] (client) hmr update /src/App.tsx, /src/index.css
3:32:13 PM [vite] (client) hmr update /src/App.tsx, /src/index.css
3:32:25 PM [vite] (client) hmr update /src/App.tsx, /src/index.css
3:33:37 PM [vite] (client) hmr update /src/App.tsx, /src/index.css
3:33:52 PM [vite] (client) hmr update /src/App.tsx, /src/index.css
3:33:52 PM [vite] (client) hmr update /src/index.css
3:34:16 PM [vite] (client) hmr update /src/App.tsx
3:34:16 PM [vite] (client) hmr update /src/App.tsx
3:34:16 PM [vite] (client) hmr update /src/App.tsx
3:34:16 PM [vite] (client) hmr update /src/App.tsx
3:34:46 PM [vite] (client) hmr update /src/App.tsx, /src/index.css
3:40:16 PM [vite] (client) hmr update /src/App.tsx, /src/index.css
3:40:16 PM [vite] (client) hmr update /src/index.css
3:40:43 PM [vite] (client) hmr update /src/App.tsx, /src/index.css
3:40:52 PM [vite] (client) hmr update /src/App.tsx, /src/index.css
3:41:03 PM [vite] (client) hmr update /src/App.tsx, /src/index.css
3:41:20 PM [vite] (client) hmr update /src/App.tsx
3:41:20 PM [vite] (client) hmr update /src/App.tsx
3:41:21 PM [vite] (client) hmr update /src/App.tsx
3:41:21 PM [vite] (client) hmr update /src/App.tsx
3:42:49 PM [vite] (client) hmr update /src/App.tsx, /src/index.css
3:47:02 PM [vite] (client) hmr update /src/App.tsx, /src/index.css
3:47:45 PM [vite] (client) hmr update /src/App.tsx, /src/index.css
3:51:26 PM [vite] (client) hmr update /src/App.tsx, /src/index.css
3:51:50 PM [vite] (client) hmr update /src/App.tsx, /src/index.css
3:52:07 PM [vite] (client) hmr update /src/App.tsx, /src/index.css
3:53:03 PM [vite] (client) hmr update /src/App.tsx, /src/index.css
3:53:44 PM [vite] (client) hmr update /src/App.tsx, /src/index.css
3:53:44 PM [vite] (client) hmr update /src/index.css
3:54:21 PM [vite] (client) hmr update /src/App.tsx, /src/index.css
3:54:21 PM [vite] (client) hmr update /src/index.css
3:57:10 PM [vite] (client) hmr update /src/App.tsx, /src/index.css
3:57:54 PM [vite] (client) hmr update /src/App.tsx, /src/index.css
4:01:30 PM [vite] (client) hmr update /src/App.tsx, /src/index.css
4:01:37 PM [vite] (client) hmr update /src/App.tsx, /src/index.css
4:02:11 PM [vite] (client) hmr update /src/App.tsx, /src/index.css
4:02:18 PM [vite] (client) hmr update /src/index.css
4:05:40 PM [vite] (client) hmr update /src/App.tsx, /src/index.css
4:05:58 PM [vite] (client) hmr update /src/App.tsx, /src/index.css
4:08:23 PM [vite] (client) hmr update /src/App.tsx, /src/index.css
4:08:36 PM [vite] (client) hmr update /src/App.tsx, /src/index.css
4:09:54 PM [vite] (client) hmr update /src/App.tsx, /src/index.css
4:10:08 PM [vite] (client) hmr update /src/App.tsx, /src/index.css
4:10:18 PM [vite] (client) hmr update /src/App.tsx, /src/index.css
4:10:41 PM [vite] (client) hmr update /src/App.tsx, /src/index.css
4:15:35 PM [vite] (client) hmr update /src/App.tsx, /src/index.css
4:16:14 PM [vite] (client) hmr update /src/App.tsx, /src/index.css
4:16:44 PM [vite] (client) hmr update /src/App.tsx, /src/index.css
4:16:59 PM [vite] (client) hmr update /src/App.tsx, /src/index.css
4:17:09 PM [vite] (client) hmr update /src/App.tsx, /src/index.css
4:19:23 PM [vite] (client) hmr update /src/App.tsx, /src/index.css
4:19:49 PM [vite] (client) hmr update /src/App.tsx, /src/index.css
4:25:07 PM [vite] (client) hmr update /src/App.tsx, /src/index.css
4:25:17 PM [vite] (client) hmr update /src/App.tsx
4:25:17 PM [vite] (client) hmr update /src/App.tsx
4:25:17 PM [vite] (client) hmr update /src/App.tsx
4:25:17 PM [vite] (client) hmr update /src/App.tsx
4:31:47 PM [vite] (client) hmr update /src/App.tsx, /src/index.css
4:32:09 PM [vite] (client) hmr update /src/App.tsx, /src/index.css
4:32:34 PM [vite] (client) hmr update /src/App.tsx, /src/index.css
4:32:49 PM [vite] (client) hmr update /src/App.tsx, /src/index.css
4:35:48 PM [vite] (client) hmr update /src/App.tsx, /src/index.css
4:39:55 PM [vite] (client) hmr update /src/App.tsx, /src/index.css
4:40:03 PM [vite] (client) hmr update /src/App.tsx, /src/index.css
4:45:43 PM [vite] (client) hmr update /src/App.tsx, /src/index.css
4:47:42 PM [vite] (client) hmr update /src/App.tsx, /src/index.css
4:47:54 PM [vite] (client) hmr update /src/App.tsx, /src/index.css
4:48:07 PM [vite] (client) hmr update /src/App.tsx, /src/index.css
4:49:21 PM [vite] (client) hmr update /src/App.tsx, /src/index.css
4:49:31 PM [vite] (client) hmr update /src/App.tsx, /src/index.css
4:52:13 PM [vite] (client) hmr update /src/App.tsx, /src/index.css
4:52:28 PM [vite] (client) hmr update /src/App.tsx, /src/index.css
4:56:31 PM [vite] (client) hmr update /src/App.tsx, /src/index.css
4:56:49 PM [vite] (client) hmr update /src/App.tsx, /src/index.css
4:56:59 PM [vite] (client) hmr update /src/App.tsx, /src/index.css
5:04:14 PM [vite] (client) hmr update /src/App.tsx, /src/index.css
5:04:28 PM [vite] (client) hmr update /src/App.tsx
5:04:28 PM [vite] (client) hmr update /src/App.tsx
5:04:28 PM [vite] (client) hmr update /src/App.tsx
5:04:28 PM [vite] (client) hmr update /src/App.tsx
5:26:28 PM [vite] (client) hmr update /src/App.tsx, /src/index.css
5:29:44 PM [vite] (client) hmr update /src/App.tsx, /src/index.css
5:37:39 PM [vite] (client) hmr update /src/App.tsx, /src/index.css
5:42:19 PM [vite] (client) hmr update /src/App.tsx, /src/index.css
5:42:48 PM [vite] (client) hmr update /src/App.tsx, /src/index.css
5:47:57 PM [vite] (client) hmr update /src/App.tsx, /src/index.css
5:48:25 PM [vite] (client) hmr update /src/App.tsx, /src/index.css
5:49:37 PM [vite] (client) hmr update /src/App.tsx, /src/index.css
5:50:33 PM [vite] (client) hmr update /src/App.tsx, /src/index.css
5:52:21 PM [vite] (client) hmr update /src/App.tsx, /src/index.css
